192.168.1.10 - - [12/Mar] "POST /login" 401
192.168.1.10 - - [12/Mar] "POST /login" 401
192.168.1.10 - - [12/Mar] "POST /login" 401
192.168.1.10 - - [12/Mar] "POST /login" 401
